// Jest Snapshot v1, https://goo.gl/fbAQLP

exports[`should take a snapshot 1`] = `
<DocumentFragment>
  <div
    class="App"
  >
    <div>
      <div
        class="loadingpanel"
      >
        <div
          class="loadingcontainer"
        >
          <span
            class="sr-only"
          >
            Loading...
          </span>
        </div>
      </div>
    </div>
  </div>
</DocumentFragment>
`;
